


ARM Macro Assembler    Page 1 


    1 00000000                 PRESERVE8
    2 00000000                 THUMB
    3 00000000         
    4 00000000                 AREA             |.text|, CODE, READONLY, ALIGN 
= 2
    5 00000000                 ENTRY
    6 00000000                 EXPORT           __main
    7 00000000         
    8 00000000         __main
    9 00000000         
   10 00000000 F04F 0006       MOV              R0, #0x06
   11 00000004 F44F 7300       MOV              R3, #0x200
   12 00000008 F649 351D       MOV              R5, #0x9B1D
   13 0000000C         
   14 0000000C         STOP
   15 0000000C         
   16 0000000C EA4F 1493       LSR              R4, R3, #6
   17 00000010 FA23 F200       LSR              R2, R3, R0
   18 00000014 EA4F 1655       LSR              R6, R5, #5
   19 00000018 096F            LSRS             R7, R5, #5
   20 0000001A         
   21 0000001A E7F7            B                STOP
   22 0000001C                 END
Command Line: --debug --xref --cpu=Cortex-M4.fp --apcs=interwork --depend=.\exa
mple4-2.d -o.\example4-2.o -I"C:\Program Files\Keil\ARM\RV31\INC" -I"C:\Program
 Files\Keil\ARM\CMSIS\Include" -I"C:\Program Files\Keil\ARM\Inc\TI\TM4C123" --p
redefine="__EVAL SETA 1" --list=.\example4-2.lst Example4-2.s



ARM Macro Assembler    Page 1 Alphabetic symbol ordering
Relocatable symbols

.text 00000000

Symbol: .text
   Definitions
      At line 4 in file Example4-2.s
   Uses
      None
Comment: .text unused
STOP 0000000C

Symbol: STOP
   Definitions
      At line 14 in file Example4-2.s
   Uses
      At line 21 in file Example4-2.s
Comment: STOP used once
__main 00000000

Symbol: __main
   Definitions
      At line 8 in file Example4-2.s
   Uses
      At line 6 in file Example4-2.s
Comment: __main used once
3 symbols
335 symbols in table
