


ARM Macro Assembler    Page 1 


    1 00000000                 PRESERVE8
    2 00000000                 THUMB
    3 00000000         
    4 00000000                 AREA             |.text|, CODE, READONLY, ALIGN 
= 2
    5 00000000                 ENTRY
    6 00000000                 EXPORT           __main
    7 00000000         
    8 00000000         __main
    9 00000000         
   10 00000000 F04F 0009       MOV              R0, #0x9
   11 00000004 F242 51C3       MOV              R1, #0x25C3
   12 00000008 F247 33A2       MOV              R3, #0x73A2
   13 0000000C F6C5 5381       MOVT             R3, #0x5D81
   14 00000010         
   15 00000010         STOP
   16 00000010         
   17 00000010 EA4F 6231       ROR              R2, R1, #24
   18 00000014 FA63 F700       ROR              R7, R3, R0
   19 00000018 EA4F 24B3       ROR              R4, R3, #10
   20 0000001C EA5F 25B3       RORS             R5, R3, #10
   21 00000020         
   22 00000020 E7F6            B                STOP
   23 00000022                 END
Command Line: --debug --xref --cpu=Cortex-M4.fp --apcs=interwork --depend=.\exa
mple4-5.d -o.\example4-5.o -I"C:\Program Files\Keil\ARM\RV31\INC" -I"C:\Program
 Files\Keil\ARM\CMSIS\Include" -I"C:\Program Files\Keil\ARM\Inc\TI\TM4C123" --p
redefine="__EVAL SETA 1" --list=.\example4-5.lst Example4-5.s



ARM Macro Assembler    Page 1 Alphabetic symbol ordering
Relocatable symbols

.text 00000000

Symbol: .text
   Definitions
      At line 4 in file Example4-5.s
   Uses
      None
Comment: .text unused
STOP 00000010

Symbol: STOP
   Definitions
      At line 15 in file Example4-5.s
   Uses
      At line 22 in file Example4-5.s
Comment: STOP used once
__main 00000000

Symbol: __main
   Definitions
      At line 8 in file Example4-5.s
   Uses
      At line 6 in file Example4-5.s
Comment: __main used once
3 symbols
335 symbols in table
