


ARM Macro Assembler    Page 1 


    1 00000000                 PRESERVE8
    2 00000000                 THUMB
    3 00000000         
    4 00000000                 AREA             |.text|, CODE, READONLY, ALIGN 
= 2
    5 00000000                 ENTRY
    6 00000000                 EXPORT           __main
    7 00000000         
    8 00000000         __main
    9 00000000         
   10 00000000 F24D 1329       MOV              R3, #0xD129
   11 00000004 F2CF 239A       MOVT             R3, #0xF29A
   12 00000008         
   13 00000008         STOP
   14 00000008         
   15 00000008 EA4F 0433       RRX              R4, R3
   16 0000000C EA5F 0633       RRXS             R6, R3
   17 00000010         
   18 00000010 E7FA            B                STOP
   19 00000012                 END
Command Line: --debug --xref --cpu=Cortex-M4.fp --apcs=interwork --depend=.\exa
mple4-6.d -o.\example4-6.o -I"C:\Program Files\Keil\ARM\RV31\INC" -I"C:\Program
 Files\Keil\ARM\CMSIS\Include" -I"C:\Program Files\Keil\ARM\Inc\TI\TM4C123" --p
redefine="__EVAL SETA 1" --list=.\example4-6.lst Example4-6.s



ARM Macro Assembler    Page 1 Alphabetic symbol ordering
Relocatable symbols

.text 00000000

Symbol: .text
   Definitions
      At line 4 in file Example4-6.s
   Uses
      None
Comment: .text unused
STOP 00000008

Symbol: STOP
   Definitions
      At line 13 in file Example4-6.s
   Uses
      At line 18 in file Example4-6.s
Comment: STOP used once
__main 00000000

Symbol: __main
   Definitions
      At line 8 in file Example4-6.s
   Uses
      At line 6 in file Example4-6.s
Comment: __main used once
3 symbols
335 symbols in table
