<html>
<body>
<pre>
<h1>µVision Build Log</h1>
<h2>Project:</h2>
D:\Documents\Workspaces\Keil Workspace\Lab8.uvproj
Project File Date:  04/11/2017

<h2>Output:</h2>
Build target 'Target 1'
linking...
.\Lab8.axf: Error: L6218E: Undefined symbol main (referred from startup_tm4c123.o).
".\Lab8.axf" - 1 Errors, 0 Warning(s).
Target not created
Build target 'Target 1'
linking...
.\Lab8.axf: Error: L6218E: Undefined symbol main (referred from startup_tm4c123.o).
".\Lab8.axf" - 1 Errors, 0 Warning(s).
Target not created
Build target 'Target 1'
compiling Task8-3.c...
Task8-3.c(62): warning:  #1-D: last line of file ends without a newline
linking...
Program Size: Code=732 RO-data=660 RW-data=0 ZI-data=608  
FromELF: creating hex file...
".\Lab8.axf" - 0 Errors, 1 Warning(s).
Load "D:\\Documents\\Workspaces\\Keil Workspace\\Lab8.axf" 
Connecting: Mode=JTAG, Speed=1000000Hz
Erase Done.
Programming Done.
Verify OK.
