<html>
<body>
<pre>
<h1>µVision Build Log</h1>
<h2>Project:</h2>
D:\Documents\Workspaces\Keil Workspace\Lab9.uvproj
Project File Date:  04/18/2017

<h2>Output:</h2>
Build target 'Target 1'
compiling Example9-1.c...
Example9-1.c(97): warning:  #1-D: last line of file ends without a newline
linking...
.\Lab9.axf: Error: L6218E: Undefined symbol SystemInit (referred from startup_tm4c123.o).
.\Lab9.axf: Error: L6218E: Undefined symbol WaitForInterrupt (referred from example9-1.o).
".\Lab9.axf" - 2 Errors, 1 Warning(s).
Target not created
Build target 'Target 1'
compiling Example9-1.c...
Example9-1.c(98): warning:  #1-D: last line of file ends without a newline
linking...
.\Lab9.axf: Error: L6218E: Undefined symbol SystemInit (referred from startup_tm4c123.o).
.\Lab9.axf: Error: L6218E: Undefined symbol WaitForInterrupt (referred from example9-1.o).
".\Lab9.axf" - 2 Errors, 1 Warning(s).
Target not created
Build target 'Target 1'
compiling SysInit9.c...
SysInit9.c(4): warning:  #1-D: last line of file ends without a newline
linking...
.\Lab9.axf: Error: L6218E: Undefined symbol WaitForInterrupt (referred from example9-1.o).
".\Lab9.axf" - 1 Errors, 1 Warning(s).
Target not created
Build target 'Target 1'
compiling Example9-1.c...
Example9-1.c(103): warning:  #1-D: last line of file ends without a newline
compiling SysInit9.c...
SysInit9.c(4): warning:  #1-D: last line of file ends without a newline
linking...
Program Size: Code=912 RO-data=652 RW-data=4 ZI-data=612  
FromELF: creating hex file...
".\Lab9.axf" - 0 Errors, 2 Warning(s).
Load "D:\\Documents\\Workspaces\\Keil Workspace\\Lab9.axf" 
Connecting: Mode=JTAG, Speed=1000000Hz
Erase Done.
Programming Done.
Verify OK.
Build target 'Target 1'
linking...
Program Size: Code=912 RO-data=652 RW-data=4 ZI-data=612  
FromELF: creating hex file...
".\Lab9.axf" - 0 Errors, 0 Warning(s).
Load "D:\\Documents\\Workspaces\\Keil Workspace\\Lab9.axf" 
Connecting: Mode=JTAG, Speed=1000000Hz
Erase Done.
Programming Done.
Verify OK.
Build target 'Target 1'
compiling Example9-1.c...
Example9-1.c(103): warning:  #1-D: last line of file ends without a newline
linking...
Program Size: Code=632 RO-data=620 RW-data=4 ZI-data=516  
FromELF: creating hex file...
".\Lab9.axf" - 0 Errors, 1 Warning(s).
Load "D:\\Documents\\Workspaces\\Keil Workspace\\Lab9.axf" 
Connecting: Mode=JTAG, Speed=1000000Hz
Erase Done.
Programming Done.
Verify OK.
Build target 'Target 1'
compiling Example9-1.c...
Example9-1.c(105): warning:  #1-D: last line of file ends without a newline
linking...
Program Size: Code=616 RO-data=620 RW-data=4 ZI-data=516  
FromELF: creating hex file...
".\Lab9.axf" - 0 Errors, 1 Warning(s).
Load "D:\\Documents\\Workspaces\\Keil Workspace\\Lab9.axf" 
Connecting: Mode=JTAG, Speed=1000000Hz
Erase Done.
Programming Done.
Verify OK.
Build target 'Target 1'
compiling Example9-1.c...
Example9-1.c(105): warning:  #1-D: last line of file ends without a newline
linking...
Program Size: Code=616 RO-data=620 RW-data=4 ZI-data=516  
FromELF: creating hex file...
".\Lab9.axf" - 0 Errors, 1 Warning(s).
Load "D:\\Documents\\Workspaces\\Keil Workspace\\Lab9.axf" 
Connecting: Mode=JTAG, Speed=1000000Hz
Erase Done.
Programming Done.
Verify OK.
Build target 'Target 1'
compiling Example9-1.c...
Example9-1.c(105): warning:  #1-D: last line of file ends without a newline
linking...
Program Size: Code=616 RO-data=620 RW-data=4 ZI-data=516  
FromELF: creating hex file...
".\Lab9.axf" - 0 Errors, 1 Warning(s).
Load "D:\\Documents\\Workspaces\\Keil Workspace\\Lab9.axf" 
Connecting: Mode=JTAG, Speed=1000000Hz
Erase Done.
Programming Done.
Verify OK.
Build target 'Target 1'
compiling Example9-1.c...
Example9-1.c(107): warning:  #1-D: last line of file ends without a newline
linking...
Program Size: Code=616 RO-data=620 RW-data=4 ZI-data=516  
FromELF: creating hex file...
".\Lab9.axf" - 0 Errors, 1 Warning(s).
Load "D:\\Documents\\Workspaces\\Keil Workspace\\Lab9.axf" 
Connecting: Mode=JTAG, Speed=1000000Hz
Erase Done.
Programming Done.
Verify OK.
Build target 'Target 1'
compiling Example9-1.c...
Example9-1.c(107): warning:  #1-D: last line of file ends without a newline
linking...
Program Size: Code=632 RO-data=620 RW-data=4 ZI-data=516  
FromELF: creating hex file...
".\Lab9.axf" - 0 Errors, 1 Warning(s).
Load "D:\\Documents\\Workspaces\\Keil Workspace\\Lab9.axf" 
Connecting: Mode=JTAG, Speed=1000000Hz
Erase Done.
Programming Done.
Verify OK.
Build target 'Target 1'
compiling Example9-1.c...
Example9-1.c(107): warning:  #1-D: last line of file ends without a newline
linking...
Program Size: Code=624 RO-data=620 RW-data=4 ZI-data=516  
FromELF: creating hex file...
".\Lab9.axf" - 0 Errors, 1 Warning(s).
Load "D:\\Documents\\Workspaces\\Keil Workspace\\Lab9.axf" 
Connecting: Mode=JTAG, Speed=1000000Hz
Erase Done.
Programming Done.
Verify OK.
Build target 'Target 1'
compiling Example9-1.c...
Example9-1.c(107): warning:  #1-D: last line of file ends without a newline
linking...
Program Size: Code=612 RO-data=620 RW-data=4 ZI-data=516  
FromELF: creating hex file...
".\Lab9.axf" - 0 Errors, 1 Warning(s).
Load "D:\\Documents\\Workspaces\\Keil Workspace\\Lab9.axf" 
Connecting: Mode=JTAG, Speed=1000000Hz
Erase Done.
Programming Done.
Verify OK.
Build target 'Target 1'
compiling Example9-1.c...
Example9-1.c(107): warning:  #1-D: last line of file ends without a newline
linking...
Program Size: Code=608 RO-data=620 RW-data=4 ZI-data=516  
FromELF: creating hex file...
".\Lab9.axf" - 0 Errors, 1 Warning(s).
Load "D:\\Documents\\Workspaces\\Keil Workspace\\Lab9.axf" 
Connecting: Mode=JTAG, Speed=1000000Hz
Erase Done.
Programming Done.
Verify OK.
